################## [ 1 / 3 ] ###################
Name: failed
Failure: Launched process 'unknown_process' returned non-zero exit code
                              Result:     FAILED
################## [ 2 / 3 ] ###################
Name: failed2
Failure: Launched process 'unknown_process' returned non-zero exit code
                              Result:     FAILED
################## [ 3 / 3 ] ###################
Name: lunchtoast
                              Result:     PASSED
 
##################  SUMMARY  ###################
Default:                     1 out of 3 passed, 2 failed
---
Total:                       1 out of 3 passed, 2 failed
