################## [ 1 / 1 ] ###################
Name: lunchtoast
Failure: Files lhs2.res and rhs2.ref aren't equal
                              Result:     FAILED
 
##################  SUMMARY  ###################
Default:                     0 out of 1 passed, 1 failed
---
Total:                       0 out of 1 passed, 1 failed
