failed_tests
failed_tests/failed2
failed_tests/failed2/failed2.test
failed_tests/failed2/lhs.txt
failed_tests/failed2/rhs.txt
failed_tests/test
failed_tests/test/failed2
failed_tests/test/failed2/failed2.test
failed_tests/test/failed2/lhs.txt
failed_tests/test/failed2/rhs.txt
failed_tests/test/failed.test
failed_tests/test/lunchtoast.test
