################## [ 1 / 3 ] ###################
Name: failed2
Failure: Files lhs.txt and rhs.txt equality check has failed, files lhs.txt and rhs.txt are different
                              Result:     FAILED
################## [ 2 / 3 ] ###################
Name: failed
Failure: Launched process 'unknown_process' returned unexpected exit code 127. More info in launch_failure_0.txt
                              Result:     FAILED
################## [ 3 / 3 ] ###################
Name: lunchtoast
                              Result:     PASSED
 
##################  SUMMARY  ###################
Default:                     1 out of 3 passed, 2 failed
---
Total:                       1 out of 3 passed, 2 failed
