################## [ 1 / 1 ] ###################
Name: lunchtoast
Description: two files equality assertions, test should fail on the first one (lunchtoast - test)
Failure: Files lhs.txt and rhs.txt equality check has failed, files lhs.txt and rhs.txt are different
                              Result:     FAILED
 
##################  SUMMARY  ###################
Default:                     0 out of 1 passed, 1 failed
---
Total:                       0 out of 1 passed, 1 failed
