################## [ 1 / 1 ] ###################
Name: lunchtoast
Failure: Launched process 'process.sh' returned non-zero exit code
                              Result:     FAILED
 
##################  SUMMARY  ###################
Default:                     0 out of 1 passed, 1 failed
---
Total:                       0 out of 1 passed, 1 failed
