################## [ 1 / 1 ] ###################
Name: test
Couldn't find the executable of a command 'process.sh'
                              Result:      ERROR
 
##################  SUMMARY  ###################
Default:                     0 out of 1 passed, 1 failed
---
Total:                       0 out of 1 passed, 1 failed
