################## [ 1 / 1 ] ###################
Test can't be started. Config file ~/syncbox/src/c++/lunchtoast/functional_tests/set_directory_unexistant_error/test/lunchtoast.test error:
Specified directory '~/syncbox/src/c++/lunchtoast/functional_tests/set_directory_unexistant_error/test/testdata' doesn't exist

 
##################  SUMMARY  ###################
Default:                     0 out of 1 passed, 1 failed
---
Total:                       0 out of 1 passed, 1 failed
