Positional argument 'testPath' is missing.
Usage: lunchtoast [commands] <testPath> [-config=<path>] [-shell=<string>] [-listFailedTests=<path>] [-collectFailedTests=<path>] [-reportWidth=<int>] [-reportFile=<path>] [-searchDepth=<int>] [-select=<string>...] [-skip=<string>...] [--withoutCleanup] [--help] 

