################## [ 1 / 1 ] ###################
Name: lunchtoast
Failure: Launched process 'cat test.res' returned unexpected exit code 1, expected exit code: 0
                              Result:     FAILED
 
##################  SUMMARY  ###################
Default:                     0 out of 1 passed, 1 failed
---
Total:                       0 out of 1 passed, 1 failed
