################## [ 1 / 1 ] ###################
Name: test
Failure: Launched process 'cat test.res' returned unexpected exit code 1. More info in launch_0.failure_info
                              Result:     FAILED
 
##################  SUMMARY  ###################
Default:                     0 out of 1 passed, 1 failed
---
Total:                       0 out of 1 passed, 1 failed
