################## [ 1 / 3 ] ###################
Name: lunchtoast0
                              Result:     PASSED
################## [ 2 / 3 ] ###################
Name: lunchtoast1
                              Result:     PASSED
################## [ 3 / 3 ] ###################
Name: lunchtoast2
                              Result:     PASSED
 
##################  SUMMARY  ###################
Default:                     3 out of 3 passed, 0 failed
---
Total:                       3 out of 3 passed, 0 failed
