################## [ 1 / 1 ] ###################
Name: test
Failure:
Files lhs.txt and rhs.txt aren't equal
Files lhs2.txt and rhs2.txt aren't equal
                              Result:     FAILED
 
##################  SUMMARY  ###################
Default:                     0 out of 1 passed, 1 failed
---
Total:                       0 out of 1 passed, 1 failed
